step 1  master table: 3,845 genes x 16 columns
        fibrosis-only 2,023   shared 1,822
        trajectory clusters
          C1    857  Early increase (F0→F1), then continued
          C2  1,367  Late increase (largest at F3→F4)
          C3    226  Early rise, then plateau
          C4    397  Mid decrease (largest at F1→F2)
          C5    998  Late decrease (largest at F3→F4)
        all genes enter at fibrosis FDR < 0.05 (largest q = 0.0497)

step 2  direction, from the sign of fibrosis_rho
          increasing with fibrosis stage  2,448
          decreasing with fibrosis stage  1,397
        cross-checks (these do not change any label)
          Delta_F0_F4 agrees  3,837 / 3,845  (99.8%)
          cluster shape agrees 3,843 / 3,845  (99.9%)
        8 gene(s) where F4-F0 points the other way -- flagged, label kept:
 symbol  fibrosis_rho  delta_F0_F4 cluster  direction
            DNPH1        -0.046        0.108      C4 decreasing
             NID1        -0.098        0.040      C4 decreasing
            PPIL4        -0.121        0.056      C4 decreasing
              FST        -0.132        0.024      C4 decreasing
          SLC5A10         0.177       -0.037      C3 increasing
           FUNDC2        -0.106        0.012      C2 decreasing
             CD14        -0.114        0.112      C2 decreasing
            TRIB1        -0.162        0.021      C4 decreasing

step 3  progression strength P  (|rho| >= 0.4 -> 2,  >= 0.3 -> 1)
          P=2    167  ( 4.3%)
          P=1    730  (19.0%)
          P=0  2,948  (76.7%)
        if the cutoff had been chosen differently (reported, not acted on):
           strong_cutoff  moderate_cutoff  n_P2  n_P1  n_P0  frozen_choice
                    0.35             0.25   419  1133  2293          False
                    0.40             0.30   167   730  2948           True
                    0.45             0.35    64   355  3426          False

step 4  trajectory T  (|F4 - F0| >= 1.0 SD -> 2,  >= 0.5 -> 1,  wrong direction -> 0)
          T=2  1,227  (31.9%)
          T=1  1,979  (51.5%)
          T=0    639  (16.6%)
        T by trajectory cluster -- the late-change bias is visible here:
          T          0    1    2
          cluster               
          C1        95  575  187
          C2        48  556  763
          C3       166   58    2
          C4       254  140    3
          C5        76  650  272
        if the cutoff had been chosen differently (reported, not acted on):
           strong_cutoff  moderate_cutoff  n_T2  n_T1  n_T0  frozen_choice
                     0.8              0.4  1976  1506   363          False
                     1.0              0.5  1227  1979   639           True
                     1.2              0.6   668  2138  1039          False

step 5  transition X  (real in the full fit AND reproducible in >= 50% of 50 equal-power draws -> 2, one -> 1)
          X=2  1,885  (49.0%)
          X=1  1,792  (46.6%)
          X=0    168  ( 4.4%)
        which of the two pieces of evidence each gene has:
          reproducible  False  True 
          full fit                  
          False           168   1765
          True             27   1885
        where each gene's largest jump falls -- early biology kept:
          X                     0     1     2   All
          largest_transition                       
          F0→F1                42    82   371   495
          F1→F2                40   176   395   611
          F2→F3                61   210   347   618
          F3→F4                25  1324   772  2121
          All                 168  1792  1885  3845

step 6  fibrosis specificity F  (fibrosis-only -> 1, shared -> 0)
          F=1  2,023  (52.6%)  fibrosis-only
          F=0  1,822  (47.4%)  shared
        running score so far, P+T+X+F (max 7 of the eventual 9):
                 genes
          score       
          0         34
          1        164
          2        732
          3       1230
          4        886
          5        584
          6        205
          7         10

step 7  biological support B  (enriched in >= 2 databases -> 2, 1 -> 1)
          B=2  1,489  (38.7%)
          B=1  1,052  (27.4%)
          B=0  1,304  (33.9%)
        genes found in each database (overlapping, not independent):
          GO_BP     2,282
          KEGG        704
          Reactome  1,242
          Hallmark    902
        B by trajectory cluster -- C4's thin enrichment shows here:
          B          0    1    2
          cluster               
          C1       200  245  412
          C2       316  440  611
          C3        58   59  109
          C4       258   82   57
          C5       472  226  300

step 8  HighConfidenceScore = P + T + X + F + B  (max 9)
                 genes
          score       
          0         13
          1         85
          2        357
          3        661
          4        879
          5        862
          6        541
          7        324
          8        117
          9          6
        tiers:
          Tier 1 - high confidence           447  (11.6%)
          Tier 2 - moderate confidence     1,403  (36.5%)
          Tier 3                           1,995  (51.9%)
        if the Tier 1 line were drawn elsewhere:
           tier1_cutoff  n_genes  shared_with_frozen  pct_of_frozen_retained  frozen_choice
                      6      988                 447                   100.0          False
                      7      447                 447                   100.0           True
                      8      123                 123                    27.5          False
        dropping one score at a time (is any one driving the ranking?):
          score_dropped  spearman_vs_full  n_top_band_full  n_top_band_reduced  overlap  jaccard
                      P             0.957              123                 116       37    0.183
                      T             0.913              123                 158      123    0.778
                      X             0.935              123                 158      123    0.778
                      F             0.955              123                  90       90    0.732
                      B             0.836              123                 215      123    0.572

step 9a  examining the 447 Tier 1 genes (no selection yet)
        direction:
          increasing    362  (81.0%)
          decreasing     85  (19.0%)
        fibrosis specificity:
          shared          247  (55.3%)
          fibrosis_only   200  (44.7%)
        by trajectory cluster:
          cluster                           cluster_name  tier1_genes  all_fibrosis_genes  pct_of_cluster
               C1 Early increase (F0→F1), then continued           93                 857            10.9
               C2       Late increase (largest at F3→F4)          262                1367            19.2
               C3               Early rise, then plateau            7                 226             3.1
               C4        Mid decrease (largest at F1→F2)            3                 397             0.8
               C5       Late decrease (largest at F3→F4)           82                 998             8.2
        where the largest jump falls:
          F0→F1      43  ( 9.6%)
          F1→F2      25  ( 5.6%)
          F2→F3      58  (13.0%)
          F3→F4     321  (71.8%)
        score within Tier 1:
          score 7   324
          score 8   117
          score 9     6
        most common enriched processes among Tier 1 genes:
          database                                          term  n_tier1_genes  pct_of_tier1
          Hallmark             Epithelial mesenchymal transition             48          10.7
             GO_BP External encapsulating structure organization             39           8.7
          Reactome             Extracellular matrix organization             38           8.5
             GO_BP                          Response to wounding             33           7.4
             GO_BP                                         Taxis             31           6.9
             GO_BP                Morphogenesis of an epithelium             30           6.7
             GO_BP                     Sensory organ development             30           6.7
          Hallmark                       Tnfa signaling via nfkb             30           6.7
             GO_BP                       Cell substrate adhesion             30           6.7
             GO_BP                       Embryonic morphogenesis             29           6.5
          Reactome        Signaling by receptor tyrosine kinases             28           6.3
             GO_BP                           Leukocyte migration             28           6.3
             GO_BP           Positive regulation of mapk cascade             27           6.0
             GO_BP                 Ameboidal type cell migration             27           6.0
             GO_BP          Positive regulation of cell adhesion             27           6.0

step 9b  two candidate shortlists, neither lowering the Tier 1 bar
        A  top 5 per cluster      23 genes
        B  each cluster's top score  48 genes
        side by side:
          option              A - top 5 per cluster                          B - cluster top score
          n_genes                                23                                             48
          n_C1                                    5                                             26
          n_C2                                    5                                              6
          n_C3                                    5                                              1
          n_C4                                    3                                              3
          n_C5                                    5                                             12
          n_increasing                           15                                             33
          n_decreasing                            8                                             15
          n_fibrosis_only                         9                                             21
          n_shared                               14                                             27
          n_F0→F1                                 6                                              7
          n_F1→F2                                 4                                              6
          n_F2→F3                                 6                                             15
          n_F3→F4                                 7                                             20
          min_score                               7                                              7
          max_score                               9                                              9
          top_pathway      Neutrophil degranulation  External encapsulating structure organization
          top_pathway_n                           3                                              7
          top_pathway_pct                      13.0                                           14.6

        OPTION A -- 23 genes
           symbol cluster  direction fibrosis_specificity  fibrosis_rho largest_transition  HighConfidenceScore
            PLPP4      C1 increasing               shared         0.533              F2→F3                    8
            NFASC      C1 increasing               shared         0.532              F2→F3                    8
             IL32      C1 increasing               shared         0.522              F0→F1                    8
            EPHA3      C1 increasing               shared         0.498              F2→F3                    8
              LYZ      C1 increasing               shared         0.487              F0→F1                    8
          CACNA1C      C2 increasing        fibrosis_only         0.447              F3→F4                    9
           PDGFRA      C2 increasing        fibrosis_only         0.417              F2→F3                    9
             PLK3      C2 increasing        fibrosis_only         0.414              F3→F4                    9
          TAX1BP3      C2 increasing        fibrosis_only         0.408              F3→F4                    9
             TPM4      C2 increasing        fibrosis_only         0.403              F3→F4                    9
            TREM2      C3 increasing               shared         0.469              F0→F1                    8
             TYMS      C3 increasing               shared         0.489              F0→F1                    7
            FABP5      C3 increasing               shared         0.464              F0→F1                    7
             HTR7      C3 increasing               shared         0.440              F2→F3                    7
            CDC45      C3 increasing               shared         0.401              F0→F1                    7
              OAT      C4 decreasing               shared        -0.398              F2→F3                    7
             KNG1      C4 decreasing        fibrosis_only        -0.312              F1→F2                    7
               F2      C4 decreasing        fibrosis_only        -0.307              F1→F2                    7
           ACADSB      C5 decreasing               shared        -0.447              F1→F2                    8
          CYP2C19      C5 decreasing               shared        -0.443              F1→F2                    8
          SLC38A4      C5 decreasing        fibrosis_only        -0.430              F3→F4                    8
              MME      C5 decreasing        fibrosis_only        -0.421              F3→F4                    8
          SULT1E1      C5 decreasing               shared        -0.414              F3→F4                    8

        OPTION B -- 48 genes
            symbol cluster  direction fibrosis_specificity  fibrosis_rho largest_transition  HighConfidenceScore
             PLPP4      C1 increasing               shared         0.533              F2→F3                    8
             NFASC      C1 increasing               shared         0.532              F2→F3                    8
              IL32      C1 increasing               shared         0.522              F0→F1                    8
             EPHA3      C1 increasing               shared         0.498              F2→F3                    8
               LYZ      C1 increasing               shared         0.487              F0→F1                    8
               AEN      C1 increasing               shared         0.487              F3→F4                    8
             ANXA2      C1 increasing               shared         0.467              F3→F4                    8
             CHST9      C1 increasing               shared         0.463              F2→F3                    8
            COL1A1      C1 increasing               shared         0.460              F2→F3                    8
            PHLDA3      C1 increasing               shared         0.458              F2→F3                    8
          ADAMTSL2      C1 increasing               shared         0.457              F2→F3                    8
            CDKN1A      C1 increasing               shared         0.448              F3→F4                    8
            COL5A1      C1 increasing               shared         0.447              F2→F3                    8
              CAPG      C1 increasing               shared         0.444              F0→F1                    8
             UNC5B      C1 increasing               shared         0.431              F3→F4                    8
             ZMAT3      C1 increasing               shared         0.427              F0→F1                    8
            CHI3L1      C1 increasing               shared         0.426              F3→F4                    8
            COL1A2      C1 increasing               shared         0.424              F2→F3                    8
            COL3A1      C1 increasing               shared         0.411              F2→F3                    8
              CD83      C1 increasing               shared         0.403              F0→F1                    8
             CCND1      C1 increasing               shared         0.402              F2→F3                    8
              WNT4      C1 increasing               shared         0.401              F2→F3                    8
             FMNL3      C1 increasing        fibrosis_only         0.396              F3→F4                    8
              FCN1      C1 increasing        fibrosis_only         0.336              F0→F1                    8
               SRC      C1 increasing        fibrosis_only         0.325              F3→F4                    8
           TNFAIP2      C1 increasing        fibrosis_only         0.309              F3→F4                    8
           CACNA1C      C2 increasing        fibrosis_only         0.447              F3→F4                    9
            PDGFRA      C2 increasing        fibrosis_only         0.417              F2→F3                    9
              PLK3      C2 increasing        fibrosis_only         0.414              F3→F4                    9
           TAX1BP3      C2 increasing        fibrosis_only         0.408              F3→F4                    9
              TPM4      C2 increasing        fibrosis_only         0.403              F3→F4                    9
               MYC      C2 increasing        fibrosis_only         0.402              F3→F4                    9
             TREM2      C3 increasing               shared         0.469              F0→F1                    8
               OAT      C4 decreasing               shared        -0.398              F2→F3                    7
              KNG1      C4 decreasing        fibrosis_only        -0.312              F1→F2                    7
                F2      C4 decreasing        fibrosis_only        -0.307              F1→F2                    7
            ACADSB      C5 decreasing               shared        -0.447              F1→F2                    8
           CYP2C19      C5 decreasing               shared        -0.443              F1→F2                    8
           SLC38A4      C5 decreasing        fibrosis_only        -0.430              F3→F4                    8
               MME      C5 decreasing        fibrosis_only        -0.421              F3→F4                    8
           SULT1E1      C5 decreasing               shared        -0.414              F3→F4                    8
             ADCY1      C5 decreasing        fibrosis_only        -0.391              F3→F4                    8
            CYP4F3      C5 decreasing        fibrosis_only        -0.358              F1→F2                    8
            AKR1D1      C5 decreasing        fibrosis_only        -0.327              F3→F4                    8
             DGAT2      C5 decreasing        fibrosis_only        -0.320              F3→F4                    8
             CFHR4      C5 decreasing        fibrosis_only        -0.317              F2→F3                    8
            CYP2C8      C5 decreasing        fibrosis_only        -0.310              F1→F2                    8
              FCN2      C5 decreasing        fibrosis_only        -0.300              F3→F4                    8

-> Paper1_HighConfidence/01_master_table.csv  (3,845 x 43)

step 11  final tables (36 columns)
          11_FINAL_shortlist_25_genes.csv      23
          11_final_tier1_genes.csv            447
          11_final_all_<n>_genes.csv          3845
