Tier 1 genes 320   final shortlist 25
  enrichment background: 14,794 eligible genes (the same one Task 4 used)
knowledge layer: 203,832 gene-to-mechanism edges, 14,423 mechanisms

12 major mechanisms (of 1,938 passing the size filter, 48 also major and enriched; 2 near-duplicates collapsed)
                                       mechanism mechanism_type  n_tier1_genes  n_shortlist_genes  n_genes_in_background  fold_enrichment      q_value
               extracellular matrix organization     BioProcess             22                  1                    115             8.84 6.540296e-12
Developmental Lineage of Pancreatic Ductal Cells        Pathway             14                  1                     44            14.71 2.469270e-10
                               ECM proteoglycans        Pathway             16                  0                     68            10.88 5.257334e-10
           positive regulation of cell migration     BioProcess             27                  0                    229             5.45 5.257334e-10
                            Collagen degradation        Pathway             14                  0                     51            12.69 1.211278e-09
                              cell-cell adhesion     BioProcess             24                  1                    198             5.60 3.466670e-09
                    MET activates PTK2 signaling        Pathway             11                  1                     29            17.54 3.905275e-09
                               Signaling by PDGF        Pathway             11                  1                     31            16.40 7.356330e-09
              Integrin cell surface interactions        Pathway             15                  0                     79             8.78 3.364596e-08
                                    angiogenesis     BioProcess             25                  0                    254             4.55 7.035270e-08
                                  cell migration     BioProcess             24                  1                    275             4.03 1.359755e-06
    positive regulation of ERK1 and ERK2 cascade     BioProcess             18                  1                    159             5.23 1.781774e-06

figure: 34 genes, 127 edges (6 of the final 25 appear; the rest connect to none of these 12 mechanisms)
  shortlist 25: 393 gene-mechanism rows
  tier 1 320: 6,445 gene-mechanism rows

-> F_ablation/12_mechanistic_subgraph.png
-> F_ablation/12_KG_supplementary.xlsx
