Tier 1 genes 491   final shortlist 25
  enrichment background: 14,794 eligible genes (the same one Task 4 used)
knowledge layer: 203,832 gene-to-mechanism edges, 14,423 mechanisms

12 major mechanisms (of 2,373 passing the size filter, 83 also major and enriched; 0 near-duplicates collapsed)
                                                 mechanism mechanism_type  n_tier1_genes  n_shortlist_genes  n_genes_in_background  fold_enrichment      q_value
                         extracellular matrix organization     BioProcess             27                  3                    115             7.07 1.162665e-12
                                              angiogenesis     BioProcess             38                  0                    254             4.51 7.273188e-12
                     positive regulation of cell migration     BioProcess             35                  1                    229             4.61 3.497089e-11
                                        cell-cell adhesion     BioProcess             32                  2                    198             4.87 7.409232e-11
          Developmental Lineage of Pancreatic Ductal Cells        Pathway             16                  0                     44            10.96 2.100212e-10
                                         ECM proteoglycans        Pathway             19                  1                     68             8.42 2.494967e-10
                       integrin-mediated signaling pathway     BioProcess             22                  1                     98             6.76 3.622415e-10
                        Integrin cell surface interactions        Pathway             20                  1                     79             7.63 3.622415e-10
                                            cell migration     BioProcess             36                  1                    275             3.94 7.128894e-10
transforming growth factor beta receptor signaling pathway     BioProcess             21                  0                     95             6.66 1.362282e-09
              positive regulation of ERK1 and ERK2 cascade     BioProcess             26                  2                    159             4.93 5.201758e-09
                              MET activates PTK2 signaling        Pathway             12                  1                     29            12.47 1.562983e-08

figure: 42 genes, 154 edges (5 of the final 25 appear; the rest connect to none of these 12 mechanisms)
  shortlist 25: 494 gene-mechanism rows
  tier 1 491: 9,984 gene-mechanism rows

-> Paper1_HighConfidence/12_mechanistic_subgraph.png
-> Paper1_HighConfidence/12_KG_supplementary.xlsx
