step 1  master table: 3,688 genes x 16 columns
        fibrosis-only 1,886   shared 1,802
        trajectory clusters
          C1    953  Early increase (F0→F1), then continued
          C2  1,452  Late increase (largest at F3→F4)
          C3    272  Early rise, then plateau
          C4    322  Mid decrease (largest at F1→F2)
          C5    689  Late decrease (largest at F3→F4)
        all genes enter at fibrosis FDR < 0.05 (largest q = 0.0500)

step 2  direction, from the sign of fibrosis_rho
          increasing with fibrosis stage  2,676
          decreasing with fibrosis stage  1,012
        cross-checks (these do not change any label)
          Delta_F0_F4 agrees  3,684 / 3,688  (99.9%)
          cluster shape agrees 3,687 / 3,688  (100.0%)
        4 gene(s) where F4-F0 points the other way -- flagged, label kept:
 symbol  fibrosis_rho  delta_F0_F4 cluster  direction
              FST        -0.131        0.033      C4 decreasing
          SLC5A10         0.177       -0.029      C3 increasing
           FUNDC2        -0.106        0.022      C2 decreasing
           TRIM59         0.090       -0.002      C3 increasing

step 3  progression strength P  (|rho| >= 0.4 -> 2,  >= 0.3 -> 1)
          P=2    185  ( 5.0%)
          P=1    715  (19.4%)
          P=0  2,788  (75.6%)
        if the cutoff had been chosen differently (reported, not acted on):
           strong_cutoff  moderate_cutoff  n_P2  n_P1  n_P0  frozen_choice
                    0.35             0.25   455  1086  2147          False
                    0.40             0.30   185   715  2788           True
                    0.45             0.35    80   375  3233          False

step 4  trajectory T  (|F4 - F0| >= 1.0 SD -> 2,  >= 0.5 -> 1,  wrong direction -> 0)
          T=2  1,231  (33.4%)
          T=1  1,886  (51.1%)
          T=0    571  (15.5%)
        T by trajectory cluster -- the late-change bias is visible here:
          T          0    1    2
          cluster               
          C1       121  631  201
          C2        55  599  798
          C3       200   70    2
          C4       147  160   15
          C5        48  426  215
        if the cutoff had been chosen differently (reported, not acted on):
           strong_cutoff  moderate_cutoff  n_T2  n_T1  n_T0  frozen_choice
                     0.8              0.4  1949  1433   306          False
                     1.0              0.5  1231  1886   571           True
                     1.2              0.6   691  2068   929          False

step 5  transition X  (real in the full fit AND reproducible in >= 50% of 50 equal-power draws -> 2, one -> 1)
          X=2  1,929  (52.3%)
          X=1  1,606  (43.5%)
          X=0    153  ( 4.1%)
        which of the two pieces of evidence each gene has:
          reproducible  False  True 
          full fit                  
          False           153   1569
          True             37   1929
        where each gene's largest jump falls -- early biology kept:
          X                     0     1     2   All
          largest_transition                       
          F0→F1                51    60   492   603
          F1→F2                33   132   324   489
          F2→F3                50   165   277   492
          F3→F4                19  1249   836  2104
          All                 153  1606  1929  3688

step 6  fibrosis specificity F  (fibrosis-only -> 1, shared -> 0)
          F=1  1,886  (51.1%)  fibrosis-only
          F=0  1,802  (48.9%)  shared
        running score so far, P+T+X+F (max 7 of the eventual 9):
                 genes
          score       
          0         37
          1        143
          2        651
          3       1177
          4        851
          5        583
          6        234
          7         12

step 7  biological support B  (enriched in >= 2 databases -> 2, 1 -> 1)
          B=2  1,525  (41.4%)
          B=1  1,006  (27.3%)
          B=0  1,157  (31.4%)
        genes found in each database (overlapping, not independent):
          GO_BP     2,268
          KEGG        734
          Reactome  1,248
          Hallmark    965
        B by trajectory cluster -- C4's thin enrichment shows here:
          B          0    1    2
          cluster               
          C1       225  263  465
          C2       346  465  641
          C3        76   77  119
          C4       162   68   92
          C5       348  133  208

step 8  HighConfidenceScore = P + T + X + F + B  (max 9)
                 genes
          score       
          0         13
          1         62
          2        298
          3        616
          4        817
          5        861
          6        530
          7        356
          8        127
          9          8
        tiers:
          Tier 1 - high confidence           491  (13.3%)
          Tier 2 - moderate confidence     1,391  (37.7%)
          Tier 3                           1,806  (49.0%)
        if the Tier 1 line were drawn elsewhere:
           tier1_cutoff  n_genes  shared_with_frozen  pct_of_frozen_retained  frozen_choice
                      6     1021                 491                   100.0          False
                      7      491                 491                   100.0           True
                      8      135                 135                    27.5          False
        dropping one score at a time (is any one driving the ranking?):
          score_dropped  spearman_vs_full  n_top_band_full  n_top_band_reduced  overlap  jaccard
                      P             0.953              135                 128       43    0.195
                      T             0.913              135                 171      135    0.789
                      X             0.936              135                 163      135    0.828
                      F             0.954              135                  99       99    0.733
                      B             0.838              135                 246      135    0.549

step 9a  examining the 491 Tier 1 genes (no selection yet)
        direction:
          increasing    427  (87.0%)
          decreasing     64  (13.0%)
        fibrosis specificity:
          shared          276  (56.2%)
          fibrosis_only   215  (43.8%)
        by trajectory cluster:
          cluster                           cluster_name  tier1_genes  all_fibrosis_genes  pct_of_cluster
               C1 Early increase (F0→F1), then continued          108                 953            11.3
               C2       Late increase (largest at F3→F4)          311                1452            21.4
               C3               Early rise, then plateau            8                 272             2.9
               C4        Mid decrease (largest at F1→F2)           11                 322             3.4
               C5       Late decrease (largest at F3→F4)           53                 689             7.7
        where the largest jump falls:
          F0→F1      58  (11.8%)
          F1→F2      26  ( 5.3%)
          F2→F3      55  (11.2%)
          F3→F4     352  (71.7%)
        score within Tier 1:
          score 7   356
          score 8   127
          score 9     8
        most common enriched processes among Tier 1 genes:
          database                                          term  n_tier1_genes  pct_of_tier1
          Hallmark             Epithelial mesenchymal transition             53          10.8
             GO_BP External encapsulating structure organization             44           9.0
          Reactome             Extracellular matrix organization             44           9.0
             GO_BP                          Response to wounding             38           7.7
             GO_BP                       Cell substrate adhesion             35           7.1
             GO_BP                Morphogenesis of an epithelium             35           7.1
             GO_BP                                         Taxis             33           6.7
             GO_BP                                  Ossification             33           6.7
             GO_BP                     Sensory organ development             33           6.7
          Hallmark                       Tnfa signaling via nfkb             32           6.5
             GO_BP          Positive regulation of cell adhesion             32           6.5
          Reactome        Signaling by receptor tyrosine kinases             32           6.5
             GO_BP                           Leukocyte migration             31           6.3
             GO_BP                       Embryonic morphogenesis             31           6.3
             GO_BP                                 Wound healing             31           6.3

step 9b  two candidate shortlists, neither lowering the Tier 1 bar
        A  top 5 per cluster      25 genes
        B  each cluster's top score  45 genes
        side by side:
          option                                A - top 5 per cluster                          B - cluster top score
          n_genes                                                  25                                             45
          n_C1                                                      5                                             30
          n_C2                                                      5                                              8
          n_C3                                                      5                                              1
          n_C4                                                      5                                              2
          n_C5                                                      5                                              4
          n_increasing                                             15                                             39
          n_decreasing                                             10                                              6
          n_fibrosis_only                                          10                                             18
          n_shared                                                 15                                             27
          n_F0→F1                                                   7                                              9
          n_F1→F2                                                   4                                              4
          n_F2→F3                                                   6                                             14
          n_F3→F4                                                   8                                             18
          min_score                                                 7                                              8
          max_score                                                 9                                              9
          top_pathway      Organic hydroxy compound metabolic process  External encapsulating structure organization
          top_pathway_n                                             4                                              7
          top_pathway_pct                                        16.0                                           15.6

        OPTION A -- 25 genes
            symbol cluster  direction fibrosis_specificity  fibrosis_rho largest_transition  HighConfidenceScore
             PLPP4      C1 increasing               shared         0.533              F2→F3                    8
             NFASC      C1 increasing               shared         0.532              F2→F3                    8
              IL32      C1 increasing               shared         0.522              F0→F1                    8
          ADAMTSL2      C1 increasing               shared         0.515              F2→F3                    8
               LYZ      C1 increasing               shared         0.487              F0→F1                    8
           CACNA1C      C2 increasing        fibrosis_only         0.447              F3→F4                    9
            PDGFRA      C2 increasing        fibrosis_only         0.417              F2→F3                    9
              PLK3      C2 increasing        fibrosis_only         0.414              F3→F4                    9
             ITGA2      C2 increasing        fibrosis_only         0.412              F3→F4                    9
           TAX1BP3      C2 increasing        fibrosis_only         0.408              F3→F4                    9
             TREM2      C3 increasing               shared         0.469              F0→F1                    8
              TYMS      C3 increasing               shared         0.489              F0→F1                    7
              HTR7      C3 increasing               shared         0.473              F2→F3                    7
             FABP5      C3 increasing               shared         0.464              F0→F1                    7
             CDC45      C3 increasing               shared         0.401              F0→F1                    7
           CYP2C19      C4 decreasing               shared        -0.439              F1→F2                    8
            ACADSB      C4 decreasing               shared        -0.435              F1→F2                    8
           DNAJC12      C4 decreasing               shared        -0.414              F0→F1                    7
               OAT      C4 decreasing               shared        -0.398              F2→F3                    7
              CLPX      C4 decreasing        fibrosis_only        -0.370              F1→F2                    7
            CYP4F3      C5 decreasing        fibrosis_only        -0.340              F1→F2                    8
            AKR1D1      C5 decreasing        fibrosis_only        -0.327              F3→F4                    8
             DGAT2      C5 decreasing        fibrosis_only        -0.314              F3→F4                    8
              FCN2      C5 decreasing        fibrosis_only        -0.300              F3→F4                    8
              SORD      C5 decreasing               shared        -0.447              F3→F4                    7

        OPTION B -- 45 genes
            symbol cluster  direction fibrosis_specificity  fibrosis_rho largest_transition  HighConfidenceScore
             PLPP4      C1 increasing               shared         0.533              F2→F3                    8
             NFASC      C1 increasing               shared         0.532              F2→F3                    8
              IL32      C1 increasing               shared         0.522              F0→F1                    8
          ADAMTSL2      C1 increasing               shared         0.515              F2→F3                    8
               LYZ      C1 increasing               shared         0.487              F0→F1                    8
               AEN      C1 increasing               shared         0.487              F3→F4                    8
             ZMAT3      C1 increasing               shared         0.482              F0→F1                    8
            COL5A1      C1 increasing               shared         0.467              F2→F3                    8
             ANXA2      C1 increasing               shared         0.467              F3→F4                    8
             UNC5B      C1 increasing               shared         0.466              F3→F4                    8
             CHST9      C1 increasing               shared         0.463              F2→F3                    8
            COL1A1      C1 increasing               shared         0.460              F2→F3                    8
            PHLDA3      C1 increasing               shared         0.458              F2→F3                    8
            CDKN1A      C1 increasing               shared         0.448              F3→F4                    8
              CAPG      C1 increasing               shared         0.444              F0→F1                    8
            COL3A1      C1 increasing               shared         0.428              F2→F3                    8
            CHI3L1      C1 increasing               shared         0.426              F3→F4                    8
            COL1A2      C1 increasing               shared         0.424              F2→F3                    8
             F2RL1      C1 increasing               shared         0.419              F2→F3                    8
              WNT4      C1 increasing               shared         0.418              F2→F3                    8
               CD2      C1 increasing               shared         0.411              F1→F2                    8
              CD83      C1 increasing               shared         0.403              F0→F1                    8
             CCND1      C1 increasing               shared         0.402              F0→F1                    8
              MRAS      C1 increasing               shared         0.401              F0→F1                    8
             FMNL3      C1 increasing        fibrosis_only         0.396              F3→F4                    8
            GRIN2D      C1 increasing        fibrosis_only         0.353              F2→F3                    8
              FCN1      C1 increasing        fibrosis_only         0.336              F0→F1                    8
           GUCY1A1      C1 increasing        fibrosis_only         0.328              F2→F3                    8
               SRC      C1 increasing        fibrosis_only         0.325              F3→F4                    8
           TNFAIP2      C1 increasing        fibrosis_only         0.309              F3→F4                    8
           CACNA1C      C2 increasing        fibrosis_only         0.447              F3→F4                    9
            PDGFRA      C2 increasing        fibrosis_only         0.417              F2→F3                    9
              PLK3      C2 increasing        fibrosis_only         0.414              F3→F4                    9
             ITGA2      C2 increasing        fibrosis_only         0.412              F3→F4                    9
           TAX1BP3      C2 increasing        fibrosis_only         0.408              F3→F4                    9
              TPM4      C2 increasing        fibrosis_only         0.403              F3→F4                    9
               MYC      C2 increasing        fibrosis_only         0.402              F3→F4                    9
              STC1      C2 increasing        fibrosis_only         0.402              F3→F4                    9
             TREM2      C3 increasing               shared         0.469              F0→F1                    8
           CYP2C19      C4 decreasing               shared        -0.439              F1→F2                    8
            ACADSB      C4 decreasing               shared        -0.435              F1→F2                    8
            CYP4F3      C5 decreasing        fibrosis_only        -0.340              F1→F2                    8
            AKR1D1      C5 decreasing        fibrosis_only        -0.327              F3→F4                    8
             DGAT2      C5 decreasing        fibrosis_only        -0.314              F3→F4                    8
              FCN2      C5 decreasing        fibrosis_only        -0.300              F3→F4                    8

-> Paper1_HighConfidence/01_master_table.csv  (3,688 x 43)

step 11  final tables (36 columns)
          11_FINAL_shortlist_25_genes.csv      25
          11_final_tier1_genes.csv            491
          11_final_all_<n>_genes.csv          3688
