Tier 1 genes 454   final shortlist 24
  enrichment background: 14,794 eligible genes (the same one Task 4 used)
knowledge layer: 203,832 gene-to-mechanism edges, 14,423 mechanisms

12 major mechanisms (of 2,262 passing the size filter, 79 also major and enriched; 0 near-duplicates collapsed)
                                       mechanism mechanism_type  n_tier1_genes  n_shortlist_genes  n_genes_in_background  fold_enrichment      q_value
               extracellular matrix organization     BioProcess             27                  1                    115             7.65 1.583594e-13
                              cell-cell adhesion     BioProcess             32                  1                    198             5.27 1.348908e-11
                                    angiogenesis     BioProcess             36                  0                    254             4.62 1.407056e-11
           positive regulation of cell migration     BioProcess             33                  1                    229             4.70 9.113694e-11
              Integrin cell surface interactions        Pathway             20                  0                     79             8.25 1.215515e-10
                                  cell migration     BioProcess             35                  2                    275             4.15 4.864427e-10
                               ECM proteoglycans        Pathway             18                  0                     68             8.63 6.517921e-10
Developmental Lineage of Pancreatic Ductal Cells        Pathway             15                  0                     44            11.11 7.308476e-10
    positive regulation of ERK1 and ERK2 cascade     BioProcess             26                  2                    159             5.33 1.032143e-09
             integrin-mediated signaling pathway     BioProcess             20                  0                     98             6.65 4.991514e-09
      Interleukin-4 and Interleukin-13 signaling        Pathway             19                  0                     93             6.66 1.464262e-08
                               Signaling by PDGF        Pathway             12                  1                     31            12.61 1.558376e-08

figure: 42 genes, 154 edges (4 of the final 25 appear; the rest connect to none of these 12 mechanisms)
  shortlist 25: 508 gene-mechanism rows
  tier 1 454: 9,414 gene-mechanism rows

-> Paper1_HighConfidence/12_mechanistic_subgraph.png
-> Paper1_HighConfidence/12_KG_supplementary.xlsx
