step 1  master table: 3,845 genes x 16 columns
        fibrosis-only 2,077   shared 1,768
        trajectory clusters
          C1    857  Early increase (F0→F1), then continued
          C2  1,367  Late increase (largest at F3→F4)
          C3    226  Early rise, then plateau
          C4    397  Mid decrease (largest at F1→F2)
          C5    998  Late decrease (largest at F3→F4)
        all genes enter at fibrosis FDR < 0.05 (largest q = 0.0497)

step 2  direction, from the sign of fibrosis_rho
          increasing with fibrosis stage  2,448
          decreasing with fibrosis stage  1,397
        cross-checks (these do not change any label)
          Delta_F0_F4 agrees  3,837 / 3,845  (99.8%)
          cluster shape agrees 3,843 / 3,845  (99.9%)
        8 gene(s) where F4-F0 points the other way -- flagged, label kept:
 symbol  fibrosis_rho  delta_F0_F4 cluster  direction
            DNPH1        -0.046        0.108      C4 decreasing
             NID1        -0.098        0.040      C4 decreasing
            PPIL4        -0.121        0.056      C4 decreasing
              FST        -0.132        0.024      C4 decreasing
          SLC5A10         0.177       -0.037      C3 increasing
           FUNDC2        -0.106        0.012      C2 decreasing
             CD14        -0.114        0.112      C2 decreasing
            TRIB1        -0.162        0.021      C4 decreasing

step 3  progression strength P  (|rho| >= 0.4 -> 2,  >= 0.3 -> 1)
          P=2    167  ( 4.3%)
          P=1    730  (19.0%)
          P=0  2,948  (76.7%)
        if the cutoff had been chosen differently (reported, not acted on):
           strong_cutoff  moderate_cutoff  n_P2  n_P1  n_P0  frozen_choice
                    0.35             0.25   419  1133  2293          False
                    0.40             0.30   167   730  2948           True
                    0.45             0.35    64   355  3426          False

step 4  trajectory T  (|F4 - F0| >= 1.0 SD -> 2,  >= 0.5 -> 1,  wrong direction -> 0)
          T=2  1,227  (31.9%)
          T=1  1,979  (51.5%)
          T=0    639  (16.6%)
        T by trajectory cluster -- the late-change bias is visible here:
          T          0    1    2
          cluster               
          C1        95  575  187
          C2        48  556  763
          C3       166   58    2
          C4       254  140    3
          C5        76  650  272
        if the cutoff had been chosen differently (reported, not acted on):
           strong_cutoff  moderate_cutoff  n_T2  n_T1  n_T0  frozen_choice
                     0.8              0.4  1976  1506   363          False
                     1.0              0.5  1227  1979   639           True
                     1.2              0.6   668  2138  1039          False

step 5  transition X  (real in the full fit AND reproducible in >= 50% of 50 equal-power draws -> 2, one -> 1)
          X=2  1,885  (49.0%)
          X=1  1,792  (46.6%)
          X=0    168  ( 4.4%)
        which of the two pieces of evidence each gene has:
          reproducible  False  True 
          full fit                  
          False           168   1765
          True             27   1885
        where each gene's largest jump falls -- early biology kept:
          X                     0     1     2   All
          largest_transition                       
          F0→F1                42    82   371   495
          F1→F2                40   176   395   611
          F2→F3                61   210   347   618
          F3→F4                25  1324   772  2121
          All                 168  1792  1885  3845

step 6  fibrosis specificity F  (fibrosis-only -> 1, shared -> 0)
          F=1  2,077  (54.0%)  fibrosis-only
          F=0  1,768  (46.0%)  shared
        running score so far, P+T+X+F (max 7 of the eventual 9):
                 genes
          score       
          0         31
          1        162
          2        724
          3       1231
          4        878
          5        603
          6        206
          7         10

step 7  biological support B  (enriched in >= 2 databases -> 2, 1 -> 1)
          B=2  1,496  (38.9%)
          B=1  1,041  (27.1%)
          B=0  1,308  (34.0%)
        genes found in each database (overlapping, not independent):
          GO_BP     2,273
          KEGG        710
          Reactome  1,248
          Hallmark    907
        B by trajectory cluster -- C4's thin enrichment shows here:
          B          0    1    2
          cluster               
          C1       205  237  415
          C2       313  443  611
          C3        58   58  110
          C4       258   80   59
          C5       474  223  301

step 8  HighConfidenceScore = P + T + X + F + B  (max 9)
                 genes
          score       
          0         12
          1         82
          2        358
          3        652
          4        870
          5        873
          6        544
          7        332
          8        116
          9          6
        tiers:
          Tier 1 - high confidence           454  (11.8%)
          Tier 2 - moderate confidence     1,417  (36.9%)
          Tier 3                           1,974  (51.3%)
        if the Tier 1 line were drawn elsewhere:
           tier1_cutoff  n_genes  shared_with_frozen  pct_of_frozen_retained  frozen_choice
                      6      998                 454                   100.0          False
                      7      454                 454                   100.0           True
                      8      122                 122                    26.9          False
        dropping one score at a time (is any one driving the ranking?):
          score_dropped  spearman_vs_full  n_top_band_full  n_top_band_reduced  overlap  jaccard
                      P             0.957              122                 121       36    0.174
                      T             0.913              122                 158      122    0.772
                      X             0.935              122                 156      122    0.782
                      F             0.955              122                  90       90    0.738
                      B             0.837              122                 216      122    0.565

step 9a  examining the 454 Tier 1 genes (no selection yet)
        direction:
          increasing    368  (81.1%)
          decreasing     86  (18.9%)
        fibrosis specificity:
          shared          247  (54.4%)
          fibrosis_only   207  (45.6%)
        by trajectory cluster:
          cluster                           cluster_name  tier1_genes  all_fibrosis_genes  pct_of_cluster
               C1 Early increase (F0→F1), then continued           93                 857            10.9
               C2       Late increase (largest at F3→F4)          268                1367            19.6
               C3               Early rise, then plateau            7                 226             3.1
               C4        Mid decrease (largest at F1→F2)            4                 397             1.0
               C5       Late decrease (largest at F3→F4)           82                 998             8.2
        where the largest jump falls:
          F0→F1      42  ( 9.3%)
          F1→F2      26  ( 5.7%)
          F2→F3      60  (13.2%)
          F3→F4     326  (71.8%)
        score within Tier 1:
          score 7   332
          score 8   116
          score 9     6
        most common enriched processes among Tier 1 genes:
          database                                          term  n_tier1_genes  pct_of_tier1
          Hallmark             Epithelial mesenchymal transition             48          10.6
             GO_BP External encapsulating structure organization             39           8.6
          Reactome             Extracellular matrix organization             39           8.6
             GO_BP                          Response to wounding             34           7.5
             GO_BP                                         Taxis             32           7.0
             GO_BP                Morphogenesis of an epithelium             32           7.0
             GO_BP                       Cell substrate adhesion             31           6.8
             GO_BP                     Sensory organ development             31           6.8
          Hallmark                       Tnfa signaling via nfkb             30           6.6
          Reactome        Signaling by receptor tyrosine kinases             30           6.6
             GO_BP                           Leukocyte migration             30           6.6
             GO_BP                       Embryonic morphogenesis             29           6.4
             GO_BP          Positive regulation of cell adhesion             29           6.4
             GO_BP                                  Ossification             28           6.2
             GO_BP           Positive regulation of mapk cascade             28           6.2

step 9b  two candidate shortlists, neither lowering the Tier 1 bar
        A  top 5 per cluster      24 genes
        B  each cluster's top score  49 genes
        side by side:
          option              A - top 5 per cluster                          B - cluster top score
          n_genes                                24                                             49
          n_C1                                    5                                             26
          n_C2                                    5                                              6
          n_C3                                    5                                              1
          n_C4                                    4                                              4
          n_C5                                    5                                             12
          n_increasing                           15                                             33
          n_decreasing                            9                                             16
          n_fibrosis_only                         9                                             21
          n_shared                               15                                             28
          n_F0→F1                                 6                                              7
          n_F1→F2                                 4                                              6
          n_F2→F3                                 7                                             16
          n_F3→F4                                 7                                             20
          min_score                               7                                              7
          max_score                               9                                              9
          top_pathway      Neutrophil degranulation  External encapsulating structure organization
          top_pathway_n                           3                                              7
          top_pathway_pct                      12.5                                           14.3

        OPTION A -- 24 genes
           symbol cluster  direction fibrosis_specificity  fibrosis_rho largest_transition  HighConfidenceScore
            PLPP4      C1 increasing               shared         0.533              F2→F3                    8
            NFASC      C1 increasing               shared         0.532              F2→F3                    8
             IL32      C1 increasing               shared         0.522              F0→F1                    8
            EPHA3      C1 increasing               shared         0.498              F2→F3                    8
              LYZ      C1 increasing               shared         0.487              F0→F1                    8
          CACNA1C      C2 increasing        fibrosis_only         0.447              F3→F4                    9
           PDGFRA      C2 increasing        fibrosis_only         0.417              F2→F3                    9
             PLK3      C2 increasing        fibrosis_only         0.414              F3→F4                    9
          TAX1BP3      C2 increasing        fibrosis_only         0.408              F3→F4                    9
             TPM4      C2 increasing        fibrosis_only         0.403              F3→F4                    9
            TREM2      C3 increasing               shared         0.469              F0→F1                    8
             TYMS      C3 increasing               shared         0.489              F0→F1                    7
            FABP5      C3 increasing               shared         0.464              F0→F1                    7
             HTR7      C3 increasing               shared         0.440              F2→F3                    7
            CDC45      C3 increasing               shared         0.401              F0→F1                    7
              OAT      C4 decreasing               shared        -0.398              F2→F3                    7
             NAAA      C4 decreasing               shared        -0.348              F2→F3                    7
             KNG1      C4 decreasing        fibrosis_only        -0.312              F1→F2                    7
               F2      C4 decreasing        fibrosis_only        -0.307              F1→F2                    7
           ACADSB      C5 decreasing               shared        -0.447              F1→F2                    8
          CYP2C19      C5 decreasing               shared        -0.443              F1→F2                    8
          SLC38A4      C5 decreasing        fibrosis_only        -0.430              F3→F4                    8
              MME      C5 decreasing        fibrosis_only        -0.421              F3→F4                    8
          SULT1E1      C5 decreasing               shared        -0.414              F3→F4                    8

        OPTION B -- 49 genes
            symbol cluster  direction fibrosis_specificity  fibrosis_rho largest_transition  HighConfidenceScore
             PLPP4      C1 increasing               shared         0.533              F2→F3                    8
             NFASC      C1 increasing               shared         0.532              F2→F3                    8
              IL32      C1 increasing               shared         0.522              F0→F1                    8
             EPHA3      C1 increasing               shared         0.498              F2→F3                    8
               LYZ      C1 increasing               shared         0.487              F0→F1                    8
               AEN      C1 increasing               shared         0.487              F3→F4                    8
             ANXA2      C1 increasing               shared         0.467              F3→F4                    8
             CHST9      C1 increasing               shared         0.463              F2→F3                    8
            COL1A1      C1 increasing               shared         0.460              F2→F3                    8
            PHLDA3      C1 increasing               shared         0.458              F2→F3                    8
          ADAMTSL2      C1 increasing               shared         0.457              F2→F3                    8
            CDKN1A      C1 increasing               shared         0.448              F3→F4                    8
            COL5A1      C1 increasing               shared         0.447              F2→F3                    8
              CAPG      C1 increasing               shared         0.444              F0→F1                    8
             UNC5B      C1 increasing               shared         0.431              F3→F4                    8
             ZMAT3      C1 increasing               shared         0.427              F0→F1                    8
            CHI3L1      C1 increasing               shared         0.426              F3→F4                    8
            COL1A2      C1 increasing               shared         0.424              F2→F3                    8
            COL3A1      C1 increasing               shared         0.411              F2→F3                    8
              CD83      C1 increasing               shared         0.403              F0→F1                    8
             CCND1      C1 increasing               shared         0.402              F2→F3                    8
              WNT4      C1 increasing               shared         0.401              F2→F3                    8
             FMNL3      C1 increasing        fibrosis_only         0.396              F3→F4                    8
              FCN1      C1 increasing        fibrosis_only         0.336              F0→F1                    8
               SRC      C1 increasing        fibrosis_only         0.325              F3→F4                    8
           TNFAIP2      C1 increasing        fibrosis_only         0.309              F3→F4                    8
           CACNA1C      C2 increasing        fibrosis_only         0.447              F3→F4                    9
            PDGFRA      C2 increasing        fibrosis_only         0.417              F2→F3                    9
              PLK3      C2 increasing        fibrosis_only         0.414              F3→F4                    9
           TAX1BP3      C2 increasing        fibrosis_only         0.408              F3→F4                    9
              TPM4      C2 increasing        fibrosis_only         0.403              F3→F4                    9
               MYC      C2 increasing        fibrosis_only         0.402              F3→F4                    9
             TREM2      C3 increasing               shared         0.469              F0→F1                    8
               OAT      C4 decreasing               shared        -0.398              F2→F3                    7
              NAAA      C4 decreasing               shared        -0.348              F2→F3                    7
              KNG1      C4 decreasing        fibrosis_only        -0.312              F1→F2                    7
                F2      C4 decreasing        fibrosis_only        -0.307              F1→F2                    7
            ACADSB      C5 decreasing               shared        -0.447              F1→F2                    8
           CYP2C19      C5 decreasing               shared        -0.443              F1→F2                    8
           SLC38A4      C5 decreasing        fibrosis_only        -0.430              F3→F4                    8
               MME      C5 decreasing        fibrosis_only        -0.421              F3→F4                    8
           SULT1E1      C5 decreasing               shared        -0.414              F3→F4                    8
             ADCY1      C5 decreasing        fibrosis_only        -0.391              F3→F4                    8
            CYP4F3      C5 decreasing        fibrosis_only        -0.358              F1→F2                    8
            AKR1D1      C5 decreasing        fibrosis_only        -0.327              F3→F4                    8
             DGAT2      C5 decreasing        fibrosis_only        -0.320              F3→F4                    8
             CFHR4      C5 decreasing        fibrosis_only        -0.317              F2→F3                    8
            CYP2C8      C5 decreasing        fibrosis_only        -0.310              F1→F2                    8
              FCN2      C5 decreasing        fibrosis_only        -0.300              F3→F4                    8

-> Paper1_HighConfidence/01_master_table.csv  (3,845 x 43)

step 11  skipped: run loso_validation.py first
