Tier 1 genes 321   final shortlist 25
  enrichment background: 14,794 eligible genes (the same one Task 4 used)
knowledge layer: 203,832 gene-to-mechanism edges, 14,423 mechanisms

12 major mechanisms (of 1,945 passing the size filter, 48 also major and enriched; 2 near-duplicates collapsed)
                                       mechanism mechanism_type  n_tier1_genes  n_shortlist_genes  n_genes_in_background  fold_enrichment      q_value
               extracellular matrix organization     BioProcess             22                  1                    115             8.82 6.998662e-12
Developmental Lineage of Pancreatic Ductal Cells        Pathway             14                  1                     44            14.66 2.584320e-10
           positive regulation of cell migration     BioProcess             27                  0                    229             5.43 5.530389e-10
                               ECM proteoglycans        Pathway             16                  0                     68            10.84 5.530389e-10
                            Collagen degradation        Pathway             14                  0                     51            12.65 1.267146e-09
                              cell-cell adhesion     BioProcess             24                  1                    198             5.59 3.714538e-09
                    MET activates PTK2 signaling        Pathway             11                  1                     29            17.48 4.050888e-09
                               Signaling by PDGF        Pathway             11                  1                     31            16.35 7.629659e-09
              Integrin cell surface interactions        Pathway             15                  0                     79             8.75 3.525113e-08
                                    angiogenesis     BioProcess             25                  0                    254             4.54 7.536062e-08
                                  cell migration     BioProcess             24                  1                    275             4.02 1.449591e-06
    positive regulation of ERK1 and ERK2 cascade     BioProcess             18                  1                    159             5.22 1.875762e-06

figure: 34 genes, 127 edges (6 of the final 25 appear; the rest connect to none of these 12 mechanisms)
  shortlist 25: 393 gene-mechanism rows
  tier 1 321: 6,462 gene-mechanism rows

-> F_ablation/12_mechanistic_subgraph.png
-> F_ablation/12_KG_supplementary.xlsx
