reading expression ...
  610 patient-stage rows, 3,688 genes, 0.00% missing values
F0→F1: n=312 (5 studies)  substantial=1197 (up 1166, down 31)  median|beta|=0.1888
F1→F2: n=312 (5 studies)  substantial=1000 (up 550, down 450)  median|beta|=0.1814
F2→F3: n=264 (5 studies)  substantial=1086 (up 872, down 214)  median|beta|=0.2246
F3→F4: n=120 (4 studies)  substantial=847 (up 791, down 56)  median|beta|=0.3753

power-matched design, patients per stage per study: {'GSE130970': 2, 'GSE135251': 14, 'GSE162694': 8, 'GSE240729': 6}

                                              0       1       2       3
transition                                F0→F1   F1→F2   F2→F3   F3→F4
n_F0                                      152.0     NaN     NaN     NaN
n_F1                                      160.0   160.0     NaN     NaN
studies_used                                  5       5       5       4
n_significant_q<0.05                       1200    1003    1086     847
n_substantial                              1197    1000    1086     847
n_substantial_up                           1166     550     872     791
n_substantial_down                           31     450     214      56
median_abs_beta                          0.1888  0.1814  0.2246  0.3753
n_abs_beta>=0.2                            1741    1599    2075    2738
median_abs_delta_mean                     0.138   0.161   0.214   0.363
n_F2                                        NaN   152.0   152.0     NaN
n_F3                                        NaN     NaN   112.0    86.0
n_F4                                        NaN     NaN     NaN    34.0
matched_n_substantial_mean (n=30/stage)   14.48   10.94   57.18  406.44
matched_n_substantial_sd                   77.0    35.5   108.3   411.5
matched_n_substantial_median                0.0     0.0     1.5   251.5

Per-cluster patient-level change:
 cluster                           cluster_name transition  median_beta  n_sig_up  n_sig_down  n_genes
       1 Early increase (F0→F1), then continued      F0→F1     0.321079       673           0      953
       1 Early increase (F0→F1), then continued      F1→F2     0.152589       172           0      953
       1 Early increase (F0→F1), then continued      F2→F3     0.173012       168           0      953
       1 Early increase (F0→F1), then continued      F3→F4     0.327412        59           0      953
       2       Late increase (largest at F3→F4)      F0→F1     0.146395       266           0     1452
       2       Late increase (largest at F3→F4)      F1→F2     0.154622       339           0     1452
       2       Late increase (largest at F3→F4)      F2→F3     0.285897       681           0     1452
       2       Late increase (largest at F3→F4)      F3→F4     0.615572       731           0     1452
       3               Early rise, then plateau      F0→F1     0.328553       191           0      272
       3               Early rise, then plateau      F1→F2     0.152250        42           0      272
       3               Early rise, then plateau      F2→F3     0.136410        23           0      272
       3               Early rise, then plateau      F3→F4     0.014237         0           0      272
       4        Mid decrease (largest at F1→F2)      F0→F1    -0.020136         2          21      322
       4        Mid decrease (largest at F1→F2)      F1→F2    -0.265371         0         166      322
       4        Mid decrease (largest at F1→F2)      F2→F3    -0.175749         0          47      322
       4        Mid decrease (largest at F1→F2)      F3→F4     0.033487         1           0      322
       5       Late decrease (largest at F3→F4)      F0→F1     0.044321        37          10      689
       5       Late decrease (largest at F3→F4)      F1→F2    -0.235101         0         284      689
       5       Late decrease (largest at F3→F4)      F2→F3    -0.227537         0         167      689
       5       Late decrease (largest at F3→F4)      F3→F4    -0.275558         0          56      689

Wrote outputs to Paper1_Results/Task3/
