reading expression ...
  610 patient-stage rows, 3,845 genes, 0.00% missing values
F0→F1: n=312 (5 studies)  substantial=857 (up 822, down 35)  median|beta|=0.1599
F1→F2: n=312 (5 studies)  substantial=1048 (up 459, down 589)  median|beta|=0.1862
F2→F3: n=264 (5 studies)  substantial=1116 (up 792, down 324)  median|beta|=0.2236
F3→F4: n=120 (4 studies)  substantial=781 (up 723, down 58)  median|beta|=0.3518

power-matched design, patients per stage per study: {'GSE130970': 2, 'GSE135251': 14, 'GSE162694': 8, 'GSE240729': 6}

                                              0       1       2       3
transition                                F0→F1   F1→F2   F2→F3   F3→F4
n_F0                                      152.0     NaN     NaN     NaN
n_F1                                      160.0   160.0     NaN     NaN
studies_used                                  5       5       5       4
n_significant_q<0.05                        858    1049    1116     781
n_substantial                               857    1048    1116     781
n_substantial_up                            822     459     792     723
n_substantial_down                           35     589     324      58
median_abs_beta                          0.1599  0.1862  0.2236  0.3518
n_abs_beta>=0.2                            1522    1730    2165    2717
median_abs_delta_mean                     0.125   0.168   0.213   0.366
n_F2                                        NaN   152.0   152.0     NaN
n_F3                                        NaN     NaN   112.0    86.0
n_F4                                        NaN     NaN     NaN    34.0
matched_n_substantial_mean (n=30/stage)   12.42   10.22   77.02  369.46
matched_n_substantial_sd                   67.6    34.4   154.2   383.4
matched_n_substantial_median                0.0     0.0     1.0   232.5

Per-cluster patient-level change:
 cluster                           cluster_name transition  median_beta  n_sig_up  n_sig_down  n_genes
       1 Early increase (F0→F1), then continued      F0→F1     0.302920       520           0      857
       1 Early increase (F0→F1), then continued      F1→F2     0.155854       156           0      857
       1 Early increase (F0→F1), then continued      F2→F3     0.169166       148           0      857
       1 Early increase (F0→F1), then continued      F3→F4     0.327532        50           0      857
       2       Late increase (largest at F3→F4)      F0→F1     0.131182       143           0     1367
       2       Late increase (largest at F3→F4)      F1→F2     0.146574       272           0     1367
       2       Late increase (largest at F3→F4)      F2→F3     0.282079       625           0     1367
       2       Late increase (largest at F3→F4)      F3→F4     0.622112       673           0     1367
       3               Early rise, then plateau      F0→F1     0.321326       139           0      226
       3               Early rise, then plateau      F1→F2     0.155923        32           0      226
       3               Early rise, then plateau      F2→F3     0.117117        19           0      226
       3               Early rise, then plateau      F3→F4    -0.001000         0           0      226
       4        Mid decrease (largest at F1→F2)      F0→F1     0.020156         1          14      397
       4        Mid decrease (largest at F1→F2)      F1→F2    -0.258907         0         194      397
       4        Mid decrease (largest at F1→F2)      F2→F3    -0.204230         0          64      397
       4        Mid decrease (largest at F1→F2)      F3→F4     0.083136         0           0      397
       5       Late decrease (largest at F3→F4)      F0→F1     0.014064        20          21      998
       5       Late decrease (largest at F3→F4)      F1→F2    -0.232205         0         395      998
       5       Late decrease (largest at F3→F4)      F2→F3    -0.234256         0         260      998
       5       Late decrease (largest at F3→F4)      F3→F4    -0.228211         0          58      998

Wrote outputs to Paper1_Results/Task3/
